#-check_same_via_cell true               # bool, default=false, user setting
 *** Starting Verify DRC (MEM: 3260.2) ***

  VERIFY DRC ...... Starting Verification
  VERIFY DRC ...... Initializing
  VERIFY DRC ...... Deleting Existing Violations
  VERIFY DRC ...... Creating Sub-Areas
  VERIFY DRC ...... Using new threading
 VERIFY DRC ...... Sub-Area: {122.112 0.000 182.016 61.056} 3 of 9  Thread : 0
 VERIFY DRC ...... Sub-Area: {0.000 0.000 61.056 61.056} 1 of 9  Thread : 3
 VERIFY DRC ...... Sub-Area: {122.112 122.112 182.016 180.144} 9 of 9  Thread : 4
 VERIFY DRC ...... Sub-Area: {0.000 122.112 61.056 180.144} 7 of 9  Thread : 7
 VERIFY DRC ...... Sub-Area: {61.056 0.000 122.112 61.056} 2 of 9  Thread : 3
 VERIFY DRC ...... Sub-Area: {61.056 122.112 122.112 180.144} 8 of 9  Thread : 7
 VERIFY DRC ...... Sub-Area: {122.112 61.056 182.016 122.112} 6 of 9  Thread : 3
 VERIFY DRC ...... Sub-Area: {0.000 61.056 61.056 122.112} 4 of 9  Thread : 7
 VERIFY DRC ...... Thread : 3 finished.
 VERIFY DRC ...... Sub-Area: {61.056 61.056 122.112 122.112} 5 of 9  Thread : 7
 VERIFY DRC ...... Thread : 7 finished.

  Verification Complete : 7 Viols.

 Violation Summary By Layer and Type:

	          Short   CorSpc   Totals
	M2            6        1        7
	Totals        6        1        7

 *** End Verify DRC (CPU: 0:00:20.9  ELAPSED TIME: 9.00  MEM: 899.0M) ***

